2024/09/08 17:16:54	install SecureSignIn 1.1.4-0341 Begin preinst
2024/09/08 17:16:54	install SecureSignIn 1.1.4-0341 End preinst ret=[0]
2024/09/08 17:16:54	install SecureSignIn 1.1.4-0341 Begin /bin/mkdir -p /usr/local/packages/@appstore/SecureSignIn -m 755
2024/09/08 17:16:54	install SecureSignIn 1.1.4-0341 End /bin/mkdir -p /usr/local/packages/@appstore/SecureSignIn -m 755 ret=[0]
2024/09/08 17:16:54	install SecureSignIn 1.1.4-0341 Begin /bin/rm -rf /usr/local/packages/@appstore/SecureSignIn
2024/09/08 17:16:54	install SecureSignIn 1.1.4-0341 End /bin/rm -rf /usr/local/packages/@appstore/SecureSignIn ret=[0]
2024/09/08 17:16:54	install SecureSignIn 1.1.4-0341 Begin /bin/mv -f /run/synopkg/tmp/install.bmviyv/package /usr/local/packages/@appstore/SecureSignIn
2024/09/08 17:16:54	install SecureSignIn 1.1.4-0341 End /bin/mv -f /run/synopkg/tmp/install.bmviyv/package /usr/local/packages/@appstore/SecureSignIn ret=[0]
2024/09/08 17:16:54	install SecureSignIn 1.1.4-0341 Begin /bin/rm -rf /var/packages/SecureSignIn
2024/09/08 17:16:54	install SecureSignIn 1.1.4-0341 End /bin/rm -rf /var/packages/SecureSignIn ret=[0]
2024/09/08 17:16:54	install SecureSignIn 1.1.4-0341 Begin /bin/mkdir -p /var/packages/SecureSignIn -m 755
2024/09/08 17:16:54	install SecureSignIn 1.1.4-0341 End /bin/mkdir -p /var/packages/SecureSignIn -m 755 ret=[0]
2024/09/08 17:16:54	install SecureSignIn 1.1.4-0341 Begin /bin/touch /var/packages/SecureSignIn/installing
2024/09/08 17:16:54	install SecureSignIn 1.1.4-0341 End /bin/touch /var/packages/SecureSignIn/installing ret=[0]
2024/09/08 17:16:54	install SecureSignIn 1.1.4-0341 Begin /bin/mv -f /run/synopkg/tmp/install.bmviyv/INFO /var/packages/SecureSignIn/INFO
2024/09/08 17:16:54	install SecureSignIn 1.1.4-0341 End /bin/mv -f /run/synopkg/tmp/install.bmviyv/INFO /var/packages/SecureSignIn/INFO ret=[0]
2024/09/08 17:16:54	install SecureSignIn 1.1.4-0341 Begin /bin/rm -rf /var/packages/SecureSignIn/scripts
2024/09/08 17:16:54	install SecureSignIn 1.1.4-0341 End /bin/rm -rf /var/packages/SecureSignIn/scripts ret=[0]
2024/09/08 17:16:54	install SecureSignIn 1.1.4-0341 Begin /bin/mv -f /run/synopkg/tmp/install.bmviyv/scripts /var/packages/SecureSignIn/scripts
2024/09/08 17:16:54	install SecureSignIn 1.1.4-0341 End /bin/mv -f /run/synopkg/tmp/install.bmviyv/scripts /var/packages/SecureSignIn/scripts ret=[0]
2024/09/08 17:16:54	install SecureSignIn 1.1.4-0341 Begin /bin/rm -rf /var/packages/SecureSignIn/conf
2024/09/08 17:16:54	install SecureSignIn 1.1.4-0341 End /bin/rm -rf /var/packages/SecureSignIn/conf ret=[0]
2024/09/08 17:16:54	install SecureSignIn 1.1.4-0341 Begin /bin/mv -f /run/synopkg/tmp/install.bmviyv/conf /var/packages/SecureSignIn/conf
2024/09/08 17:16:54	install SecureSignIn 1.1.4-0341 End /bin/mv -f /run/synopkg/tmp/install.bmviyv/conf /var/packages/SecureSignIn/conf ret=[0]
2024/09/08 17:16:54	install SecureSignIn 1.1.4-0341 Begin postinst
2024/09/08 17:16:54	install SecureSignIn 1.1.4-0341 End postinst ret=[0]
2024/09/08 17:16:59	(system) trigger SecureSignIn 1.1.4-0341 Begin start-stop-status start
2024/09/08 17:16:59	(system) trigger SecureSignIn 1.1.4-0341 End start-stop-status start ret=[0]
2024/09/08 17:17:45	upgrade SecureSignIn 1.1.4-0341 Begin start-stop-status stop
2024/09/08 17:17:45	upgrade SecureSignIn 1.1.4-0341 End start-stop-status stop ret=[0]
2024/09/08 17:17:45	upgrade SecureSignIn 1.1.4-0341 Begin preupgrade
2024/09/08 17:17:45	upgrade SecureSignIn 1.1.4-0341 End preupgrade ret=[0]
2024/09/08 17:17:45	upgrade SecureSignIn 1.1.4-0341 Begin preuninst
2024/09/08 17:17:45	upgrade SecureSignIn 1.1.4-0341 End preuninst ret=[0]
2024/09/08 17:17:45	upgrade SecureSignIn 1.1.4-0341 Begin /bin/rm -rf /usr/local/packages/@appstore/SecureSignIn
2024/09/08 17:17:45	upgrade SecureSignIn 1.1.4-0341 End /bin/rm -rf /usr/local/packages/@appstore/SecureSignIn ret=[0]
2024/09/08 17:17:45	upgrade SecureSignIn 1.1.4-0341 Begin /bin/rm -rf /usr/local/packages/@apptemp/SecureSignIn
2024/09/08 17:17:45	upgrade SecureSignIn 1.1.4-0341 End /bin/rm -rf /usr/local/packages/@apptemp/SecureSignIn ret=[0]
2024/09/08 17:17:45	upgrade SecureSignIn 1.1.4-0341 Begin postuninst
2024/09/08 17:17:45	upgrade SecureSignIn 1.1.4-0341 End postuninst ret=[0]
2024/09/08 17:17:45	upgrade SecureSignIn 1.1.6-0391 Begin preinst
2024/09/08 17:17:45	upgrade SecureSignIn 1.1.6-0391 End preinst ret=[0]
2024/09/08 17:17:45	upgrade SecureSignIn 1.1.6-0391 Begin /bin/mkdir -p /usr/local/packages/@appstore/SecureSignIn -m 755
2024/09/08 17:17:45	upgrade SecureSignIn 1.1.6-0391 End /bin/mkdir -p /usr/local/packages/@appstore/SecureSignIn -m 755 ret=[0]
2024/09/08 17:17:45	upgrade SecureSignIn 1.1.6-0391 Begin /bin/rm -rf /usr/local/packages/@appstore/SecureSignIn
2024/09/08 17:17:45	upgrade SecureSignIn 1.1.6-0391 End /bin/rm -rf /usr/local/packages/@appstore/SecureSignIn ret=[0]
2024/09/08 17:17:45	upgrade SecureSignIn 1.1.6-0391 Begin /bin/mv -f /run/synopkg/tmp/install.NozrGP/package /usr/local/packages/@appstore/SecureSignIn
2024/09/08 17:17:45	upgrade SecureSignIn 1.1.6-0391 End /bin/mv -f /run/synopkg/tmp/install.NozrGP/package /usr/local/packages/@appstore/SecureSignIn ret=[0]
2024/09/08 17:17:45	upgrade SecureSignIn 1.1.6-0391 Begin /bin/rm -rf /var/packages/SecureSignIn
2024/09/08 17:17:45	upgrade SecureSignIn 1.1.6-0391 End /bin/rm -rf /var/packages/SecureSignIn ret=[0]
2024/09/08 17:17:45	upgrade SecureSignIn 1.1.6-0391 Begin /bin/mkdir -p /var/packages/SecureSignIn -m 755
2024/09/08 17:17:45	upgrade SecureSignIn 1.1.6-0391 End /bin/mkdir -p /var/packages/SecureSignIn -m 755 ret=[0]
2024/09/08 17:17:45	upgrade SecureSignIn 1.1.6-0391 Begin /bin/touch /var/packages/SecureSignIn/installing
2024/09/08 17:17:45	upgrade SecureSignIn 1.1.6-0391 End /bin/touch /var/packages/SecureSignIn/installing ret=[0]
2024/09/08 17:17:45	upgrade SecureSignIn 1.1.6-0391 Begin /bin/mv -f /run/synopkg/tmp/install.NozrGP/INFO /var/packages/SecureSignIn/INFO
2024/09/08 17:17:45	upgrade SecureSignIn 1.1.6-0391 End /bin/mv -f /run/synopkg/tmp/install.NozrGP/INFO /var/packages/SecureSignIn/INFO ret=[0]
2024/09/08 17:17:45	upgrade SecureSignIn 1.1.6-0391 Begin /bin/rm -rf /var/packages/SecureSignIn/scripts
2024/09/08 17:17:45	upgrade SecureSignIn 1.1.6-0391 End /bin/rm -rf /var/packages/SecureSignIn/scripts ret=[0]
2024/09/08 17:17:45	upgrade SecureSignIn 1.1.6-0391 Begin /bin/mv -f /run/synopkg/tmp/install.NozrGP/scripts /var/packages/SecureSignIn/scripts
2024/09/08 17:17:45	upgrade SecureSignIn 1.1.6-0391 End /bin/mv -f /run/synopkg/tmp/install.NozrGP/scripts /var/packages/SecureSignIn/scripts ret=[0]
2024/09/08 17:17:45	upgrade SecureSignIn 1.1.6-0391 Begin /bin/rm -rf /var/packages/SecureSignIn/conf
2024/09/08 17:17:45	upgrade SecureSignIn 1.1.6-0391 End /bin/rm -rf /var/packages/SecureSignIn/conf ret=[0]
2024/09/08 17:17:45	upgrade SecureSignIn 1.1.6-0391 Begin /bin/mv -f /run/synopkg/tmp/install.NozrGP/conf /var/packages/SecureSignIn/conf
2024/09/08 17:17:45	upgrade SecureSignIn 1.1.6-0391 End /bin/mv -f /run/synopkg/tmp/install.NozrGP/conf /var/packages/SecureSignIn/conf ret=[0]
2024/09/08 17:17:45	upgrade SecureSignIn 1.1.6-0391 Begin postinst
2024/09/08 17:17:45	upgrade SecureSignIn 1.1.6-0391 End postinst ret=[0]
2024/09/08 17:17:45	upgrade SecureSignIn 1.1.6-0391 Begin postupgrade
2024/09/08 17:17:45	upgrade SecureSignIn 1.1.6-0391 End postupgrade ret=[0]
2024/09/08 17:17:46	upgrade SecureSignIn 1.1.6-0391 Begin start-stop-status start
32+0 records in
32+0 records out
33554432 bytes (34 MB, 32 MiB) copied, 0.00935048 s, 3.6 GB/s
mke2fs 1.44.1 (24-Mar-2018)
Creating filesystem with 32768 1k blocks and 8192 inodes
Filesystem UUID: f9bf1244-cbe5-4f37-bfd8-fc199db09703
Superblock backups stored on blocks: 
	8193, 24577

Allocating group tables: 0/4   done                            
Writing inode tables: 0/4   done                            
Creating journal (4096 blocks): done
Writing superblocks and filesystem accounting information: 0/4   done

2024/09/08 17:17:46	upgrade SecureSignIn 1.1.6-0391 End start-stop-status start ret=[0]
2024/09/09 08:24:45	(system) trigger SecureSignIn 1.1.6-0391 Begin start-stop-status stop
2024/09/09 08:24:45	(system) trigger SecureSignIn 1.1.6-0391 End start-stop-status stop ret=[0]
2024/09/10 07:08:55	(system) trigger SecureSignIn 1.1.6-0391 Begin start-stop-status start
32+0 records in
32+0 records out
33554432 bytes (34 MB, 32 MiB) copied, 0.00835099 s, 4.0 GB/s
mke2fs 1.44.1 (24-Mar-2018)
Creating filesystem with 32768 1k blocks and 8192 inodes
Filesystem UUID: 596989d8-b941-4e3b-ae7f-80d7bf515684
Superblock backups stored on blocks: 
	8193, 24577

Allocating group tables: 0/4   done                            
Writing inode tables: 0/4   done                            
Creating journal (4096 blocks): done
Writing superblocks and filesystem accounting information: 0/4   done

2024/09/10 07:08:21	(system) trigger SecureSignIn 1.1.6-0391 End start-stop-status start ret=[0]
2024/09/11 19:57:37	(system) trigger SecureSignIn 1.1.6-0391 Begin start-stop-status stop
2024/09/11 19:57:37	(system) trigger SecureSignIn 1.1.6-0391 End start-stop-status stop ret=[0]
2024/09/11 20:05:39	(system) trigger SecureSignIn 1.1.6-0391 Begin start-stop-status start
32+0 records in
32+0 records out
33554432 bytes (34 MB, 32 MiB) copied, 0.00936086 s, 3.6 GB/s
mke2fs 1.44.1 (24-Mar-2018)
Creating filesystem with 32768 1k blocks and 8192 inodes
Filesystem UUID: 02d9c46e-6804-4a90-a621-643c5718adb4
Superblock backups stored on blocks: 
	8193, 24577

Allocating group tables: 0/4   done                            
Writing inode tables: 0/4   done                            
Creating journal (4096 blocks): done
Writing superblocks and filesystem accounting information: 0/4   done

2024/09/11 20:05:39	(system) trigger SecureSignIn 1.1.6-0391 End start-stop-status start ret=[0]
2024/09/12 00:26:24	(system) trigger SecureSignIn 1.1.6-0391 Begin start-stop-status stop
2024/09/12 00:26:24	(system) trigger SecureSignIn 1.1.6-0391 End start-stop-status stop ret=[0]
2024/09/12 00:30:24	(system) trigger SecureSignIn 1.1.6-0391 Begin start-stop-status start
32+0 records in
32+0 records out
33554432 bytes (34 MB, 32 MiB) copied, 0.0090877 s, 3.7 GB/s
mke2fs 1.44.1 (24-Mar-2018)
Creating filesystem with 32768 1k blocks and 8192 inodes
Filesystem UUID: d4b6f928-78d9-4d02-bf82-077af0c6d91c
Superblock backups stored on blocks: 
	8193, 24577

Allocating group tables: 0/4   done                            
Writing inode tables: 0/4   done                            
Creating journal (4096 blocks): done
Writing superblocks and filesystem accounting information: 0/4   done

2024/09/12 00:30:24	(system) trigger SecureSignIn 1.1.6-0391 End start-stop-status start ret=[0]
2024/09/14 22:43:06	(system) trigger SecureSignIn 1.1.6-0391 Begin start-stop-status stop
2024/09/14 22:43:06	(system) trigger SecureSignIn 1.1.6-0391 End start-stop-status stop ret=[0]
2024/09/14 23:16:48	(system) trigger SecureSignIn 1.1.6-0391 Begin start-stop-status start
32+0 records in
32+0 records out
33554432 bytes (34 MB, 32 MiB) copied, 0.00941709 s, 3.6 GB/s
mke2fs 1.44.1 (24-Mar-2018)
Creating filesystem with 32768 1k blocks and 8192 inodes
Filesystem UUID: 1eaca24e-fbb1-489d-8763-6a7564009b18
Superblock backups stored on blocks: 
	8193, 24577

Allocating group tables: 0/4   done                            
Writing inode tables: 0/4   done                            
Creating journal (4096 blocks): done
Writing superblocks and filesystem accounting information: 0/4   done

2024/09/14 23:16:48	(system) trigger SecureSignIn 1.1.6-0391 End start-stop-status start ret=[0]
2024/09/15 00:50:04	(system) trigger SecureSignIn 1.1.6-0391 Begin start-stop-status stop
2024/09/15 00:50:05	(system) trigger SecureSignIn 1.1.6-0391 End start-stop-status stop ret=[0]
2024/09/15 01:14:14	(system) trigger SecureSignIn 1.1.6-0391 Begin start-stop-status start
32+0 records in
32+0 records out
33554432 bytes (34 MB, 32 MiB) copied, 0.00795431 s, 4.2 GB/s
mke2fs 1.44.1 (24-Mar-2018)
Creating filesystem with 32768 1k blocks and 8192 inodes
Filesystem UUID: f0d49741-d8c9-492e-b769-0ed27bc61c42
Superblock backups stored on blocks: 
	8193, 24577

Allocating group tables: 0/4   done                            
Writing inode tables: 0/4   done                            
Creating journal (4096 blocks): done
Writing superblocks and filesystem accounting information: 0/4   done

2024/09/15 01:14:14	(system) trigger SecureSignIn 1.1.6-0391 End start-stop-status start ret=[0]
2024/09/15 01:22:01	(system) trigger SecureSignIn 1.1.6-0391 Begin start-stop-status start
32+0 records in
32+0 records out
33554432 bytes (34 MB, 32 MiB) copied, 0.0080977 s, 4.1 GB/s
mke2fs 1.44.1 (24-Mar-2018)
Creating filesystem with 32768 1k blocks and 8192 inodes
Filesystem UUID: 56ab081e-e91b-44ac-bebe-646cda2bbd34
Superblock backups stored on blocks: 
	8193, 24577

Allocating group tables: 0/4   done                            
Writing inode tables: 0/4   done                            
Creating journal (4096 blocks): done
Writing superblocks and filesystem accounting information: 0/4   done

2024/09/15 01:22:01	(system) trigger SecureSignIn 1.1.6-0391 End start-stop-status start ret=[0]
2024/09/15 01:30:54	(system) trigger SecureSignIn 1.1.6-0391 Begin start-stop-status start
32+0 records in
32+0 records out
33554432 bytes (34 MB, 32 MiB) copied, 0.00956714 s, 3.5 GB/s
mke2fs 1.44.1 (24-Mar-2018)
Creating filesystem with 32768 1k blocks and 8192 inodes
Filesystem UUID: 05b7099d-9918-46e7-93b8-1da647d89695
Superblock backups stored on blocks: 
	8193, 24577

Allocating group tables: 0/4   done                            
Writing inode tables: 0/4   done                            
Creating journal (4096 blocks): done
Writing superblocks and filesystem accounting information: 0/4   done

2024/09/15 01:30:54	(system) trigger SecureSignIn 1.1.6-0391 End start-stop-status start ret=[0]
2024/09/15 05:06:11	(system) trigger SecureSignIn 1.1.6-0391 Begin start-stop-status start
32+0 records in
32+0 records out
33554432 bytes (34 MB, 32 MiB) copied, 0.00885906 s, 3.8 GB/s
mke2fs 1.44.1 (24-Mar-2018)
Creating filesystem with 32768 1k blocks and 8192 inodes
Filesystem UUID: 8ff1a366-a7fa-4fcb-b5b6-c4c13f20e47c
Superblock backups stored on blocks: 
	8193, 24577

Allocating group tables: 0/4   done                            
Writing inode tables: 0/4   done                            
Creating journal (4096 blocks): done
Writing superblocks and filesystem accounting information: 0/4   done

2024/09/15 05:06:11	(system) trigger SecureSignIn 1.1.6-0391 End start-stop-status start ret=[0]
2024/09/15 05:15:10	(system) trigger SecureSignIn 1.1.6-0391 Begin start-stop-status start
32+0 records in
32+0 records out
33554432 bytes (34 MB, 32 MiB) copied, 0.00838887 s, 4.0 GB/s
mke2fs 1.44.1 (24-Mar-2018)
Creating filesystem with 32768 1k blocks and 8192 inodes
Filesystem UUID: 2a86b458-3186-4a7e-9bd5-2c5cb17e393e
Superblock backups stored on blocks: 
	8193, 24577

Allocating group tables: 0/4   done                            
Writing inode tables: 0/4   done                            
Creating journal (4096 blocks): done
Writing superblocks and filesystem accounting information: 0/4   done

2024/09/15 05:15:10	(system) trigger SecureSignIn 1.1.6-0391 End start-stop-status start ret=[0]
2024/09/16 05:35:26	(system) trigger SecureSignIn 1.1.6-0391 Begin start-stop-status stop
2024/09/16 05:35:26	(system) trigger SecureSignIn 1.1.6-0391 End start-stop-status stop ret=[0]
2024/09/16 05:39:35	(system) trigger SecureSignIn 1.1.6-0391 Begin start-stop-status start
32+0 records in
32+0 records out
33554432 bytes (34 MB, 32 MiB) copied, 0.00858342 s, 3.9 GB/s
mke2fs 1.44.1 (24-Mar-2018)
Creating filesystem with 32768 1k blocks and 8192 inodes
Filesystem UUID: cff574ec-fcac-430b-a8ed-565efd328184
Superblock backups stored on blocks: 
	8193, 24577

Allocating group tables: 0/4   done                            
Writing inode tables: 0/4   done                            
Creating journal (4096 blocks): done
Writing superblocks and filesystem accounting information: 0/4   done

2024/09/16 05:39:35	(system) trigger SecureSignIn 1.1.6-0391 End start-stop-status start ret=[0]
2024/09/16 19:28:48	(system) trigger SecureSignIn 1.1.6-0391 Begin start-stop-status stop
2024/09/16 19:28:48	(system) trigger SecureSignIn 1.1.6-0391 End start-stop-status stop ret=[0]
2024/09/16 19:32:59	(system) trigger SecureSignIn 1.1.6-0391 Begin start-stop-status start
32+0 records in
32+0 records out
33554432 bytes (34 MB, 32 MiB) copied, 0.00952698 s, 3.5 GB/s
mke2fs 1.44.1 (24-Mar-2018)
Creating filesystem with 32768 1k blocks and 8192 inodes
Filesystem UUID: b485102c-3e21-4fc4-bc9f-9fb35e68495d
Superblock backups stored on blocks: 
	8193, 24577

Allocating group tables: 0/4   done                            
Writing inode tables: 0/4   done                            
Creating journal (4096 blocks): done
Writing superblocks and filesystem accounting information: 0/4   done

2024/09/16 19:32:59	(system) trigger SecureSignIn 1.1.6-0391 End start-stop-status start ret=[0]
2024/09/17 04:54:30	(system) trigger SecureSignIn 1.1.6-0391 Begin start-stop-status stop
2024/09/17 04:54:30	(system) trigger SecureSignIn 1.1.6-0391 End start-stop-status stop ret=[0]
2024/09/17 04:58:37	(system) trigger SecureSignIn 1.1.6-0391 Begin start-stop-status start
32+0 records in
32+0 records out
33554432 bytes (34 MB, 32 MiB) copied, 0.0097252 s, 3.5 GB/s
mke2fs 1.44.1 (24-Mar-2018)
Creating filesystem with 32768 1k blocks and 8192 inodes
Filesystem UUID: 890879a4-aa54-4897-892b-955c02c981e1
Superblock backups stored on blocks: 
	8193, 24577

Allocating group tables: 0/4   done                            
Writing inode tables: 0/4   done                            
Creating journal (4096 blocks): done
Writing superblocks and filesystem accounting information: 0/4   done

2024/09/17 04:58:37	(system) trigger SecureSignIn 1.1.6-0391 End start-stop-status start ret=[0]
2024/09/17 05:46:37	(system) trigger SecureSignIn 1.1.6-0391 Begin start-stop-status stop
2024/09/17 05:46:37	(system) trigger SecureSignIn 1.1.6-0391 End start-stop-status stop ret=[0]
2024/09/17 05:50:48	(system) trigger SecureSignIn 1.1.6-0391 Begin start-stop-status start
32+0 records in
32+0 records out
33554432 bytes (34 MB, 32 MiB) copied, 0.00879877 s, 3.8 GB/s
mke2fs 1.44.1 (24-Mar-2018)
Creating filesystem with 32768 1k blocks and 8192 inodes
Filesystem UUID: ff2f2e41-2fcf-4f2b-8d21-078fde200f69
Superblock backups stored on blocks: 
	8193, 24577

Allocating group tables: 0/4   done                            
Writing inode tables: 0/4   done                            
Creating journal (4096 blocks): done
Writing superblocks and filesystem accounting information: 0/4   done

2024/09/17 05:50:48	(system) trigger SecureSignIn 1.1.6-0391 End start-stop-status start ret=[0]
2024/09/17 10:41:53	(system) trigger SecureSignIn 1.1.6-0391 Begin start-stop-status stop
2024/09/17 10:41:53	(system) trigger SecureSignIn 1.1.6-0391 End start-stop-status stop ret=[0]
2024/09/17 10:46:02	(system) trigger SecureSignIn 1.1.6-0391 Begin start-stop-status start
32+0 records in
32+0 records out
33554432 bytes (34 MB, 32 MiB) copied, 0.00856971 s, 3.9 GB/s
mke2fs 1.44.1 (24-Mar-2018)
Creating filesystem with 32768 1k blocks and 8192 inodes
Filesystem UUID: 9d4d0fb2-c655-4944-9489-97cb4a153922
Superblock backups stored on blocks: 
	8193, 24577

Allocating group tables: 0/4   done                            
Writing inode tables: 0/4   done                            
Creating journal (4096 blocks): done
Writing superblocks and filesystem accounting information: 0/4   done

2024/09/17 10:46:02	(system) trigger SecureSignIn 1.1.6-0391 End start-stop-status start ret=[0]
2024/09/20 07:36:41	(system) trigger SecureSignIn 1.1.6-0391 Begin start-stop-status stop
2024/09/20 07:36:42	(system) trigger SecureSignIn 1.1.6-0391 End start-stop-status stop ret=[0]
2024/09/20 07:51:19	(system) trigger SecureSignIn 1.1.6-0391 Begin start-stop-status start
32+0 records in
32+0 records out
33554432 bytes (34 MB, 32 MiB) copied, 0.00868361 s, 3.9 GB/s
mke2fs 1.44.1 (24-Mar-2018)
Creating filesystem with 32768 1k blocks and 8192 inodes
Filesystem UUID: df0d58a8-7ff3-450f-b592-710d6ea3cd7d
Superblock backups stored on blocks: 
	8193, 24577

Allocating group tables: 0/4   done                            
Writing inode tables: 0/4   done                            
Creating journal (4096 blocks): done
Writing superblocks and filesystem accounting information: 0/4   done

2024/09/20 07:51:20	(system) trigger SecureSignIn 1.1.6-0391 End start-stop-status start ret=[0]
2024/09/20 11:29:03	(system) trigger SecureSignIn 1.1.6-0391 Begin start-stop-status stop
2024/09/20 11:29:03	(system) trigger SecureSignIn 1.1.6-0391 End start-stop-status stop ret=[0]
2024/09/20 11:34:38	(system) trigger SecureSignIn 1.1.6-0391 Begin start-stop-status start
32+0 records in
32+0 records out
33554432 bytes (34 MB, 32 MiB) copied, 0.010194 s, 3.3 GB/s
mke2fs 1.44.1 (24-Mar-2018)
Creating filesystem with 32768 1k blocks and 8192 inodes
Filesystem UUID: 4c893821-a25b-491f-95e4-919fe678a44a
Superblock backups stored on blocks: 
	8193, 24577

Allocating group tables: 0/4   done                            
Writing inode tables: 0/4   done                            
Creating journal (4096 blocks): done
Writing superblocks and filesystem accounting information: 0/4   done

2024/09/20 11:34:38	(system) trigger SecureSignIn 1.1.6-0391 End start-stop-status start ret=[0]
2024/10/09 04:29:15	(system) trigger SecureSignIn 1.1.6-0391 Begin start-stop-status stop
2024/10/09 04:29:15	(system) trigger SecureSignIn 1.1.6-0391 End start-stop-status stop ret=[0]
2024/10/09 04:33:21	(system) trigger SecureSignIn 1.1.6-0391 Begin start-stop-status start
32+0 records in
32+0 records out
33554432 bytes (34 MB, 32 MiB) copied, 0.00906332 s, 3.7 GB/s
mke2fs 1.44.1 (24-Mar-2018)
Creating filesystem with 32768 1k blocks and 8192 inodes
Filesystem UUID: bfcbd7b2-6bba-4f0b-9625-5905afc97028
Superblock backups stored on blocks: 
	8193, 24577

Allocating group tables: 0/4   done                            
Writing inode tables: 0/4   done                            
Creating journal (4096 blocks): done
Writing superblocks and filesystem accounting information: 0/4   done

2024/10/09 04:33:21	(system) trigger SecureSignIn 1.1.6-0391 End start-stop-status start ret=[0]
2024/11/05 00:53:46	(system) trigger SecureSignIn 1.1.6-0391 Begin start-stop-status stop
2024/11/05 00:53:46	(system) trigger SecureSignIn 1.1.6-0391 End start-stop-status stop ret=[0]
2024/11/05 07:06:37	(system) trigger SecureSignIn 1.1.6-0391 Begin start-stop-status start
32+0 records in
32+0 records out
33554432 bytes (34 MB, 32 MiB) copied, 0.0090201 s, 3.7 GB/s
mke2fs 1.44.1 (24-Mar-2018)
Creating filesystem with 32768 1k blocks and 8192 inodes
Filesystem UUID: d8df5860-6863-4bb4-9f49-83ef2bfb7a6d
Superblock backups stored on blocks: 
	8193, 24577

Allocating group tables: 0/4   done                            
Writing inode tables: 0/4   done                            
Creating journal (4096 blocks): done
Writing superblocks and filesystem accounting information: 0/4   done

2024/11/05 07:06:37	(system) trigger SecureSignIn 1.1.6-0391 End start-stop-status start ret=[0]
